<?xml version="1.0" encoding="UTF-8"?>
<testsuites>
	<testsuite tests="0" failures="0" time="0.000000" name="github.com/Venafi/vault-pki-monitor-venafi">
		<properties>
			<property name="go.version" value="go1.14.6 darwin/amd64"></property>
		</properties>
	</testsuite>
	<testsuite tests="62" failures="0" time="774.950000" name="github.com/Venafi/vault-pki-monitor-venafi/plugin/pki">
		<properties>
			<property name="go.version" value="go1.14.6 darwin/amd64"></property>
		</properties>
		<testcase classname="github.com/Venafi/vault-pki-monitor-venafi/plugin/pki" name="TestCleanupImportToTPP" time="0.000000">
			<skipped message="=== RUN   TestCleanupImportToTPP&#xA;    path_import_queue_test.go:561: &#xA;--- SKIP: TestCleanupImportToTPP (0.00s)&#xA;"></skipped>
		</testcase>
		<testcase classname="github.com/Venafi/vault-pki-monitor-venafi/plugin/pki" name="TestPKI_RequireCN" time="6.240000"></testcase>
		<testcase classname="github.com/Venafi/vault-pki-monitor-venafi/plugin/pki" name="TestBackend_CSRValues" time="2.670000"></testcase>
		<testcase classname="github.com/Venafi/vault-pki-monitor-venafi/plugin/pki" name="TestBackend_URLsCRUD" time="1.930000"></testcase>
		<testcase classname="github.com/Venafi/vault-pki-monitor-venafi/plugin/pki" name="TestBackend_RSARoles" time="13.870000"></testcase>
		<testcase classname="github.com/Venafi/vault-pki-monitor-venafi/plugin/pki" name="TestBackend_RSARoles_CSR" time="5.080000"></testcase>
		<testcase classname="github.com/Venafi/vault-pki-monitor-venafi/plugin/pki" name="TestBackend_ECRoles" time="7.820000"></testcase>
		<testcase classname="github.com/Venafi/vault-pki-monitor-venafi/plugin/pki" name="TestBackend_ECRoles_CSR" time="5.280000"></testcase>
		<testcase classname="github.com/Venafi/vault-pki-monitor-venafi/plugin/pki" name="TestBackend_PathFetchCertList" time="4.090000"></testcase>
		<testcase classname="github.com/Venafi/vault-pki-monitor-venafi/plugin/pki" name="TestBackend_SignVerbatim" time="1.910000"></testcase>
		<testcase classname="github.com/Venafi/vault-pki-monitor-venafi/plugin/pki" name="TestBackend_Root_Idempotency" time="5.720000"></testcase>
		<testcase classname="github.com/Venafi/vault-pki-monitor-venafi/plugin/pki" name="TestBackend_SignIntermediate_AllowedPastCA" time="7.210000"></testcase>
		<testcase classname="github.com/Venafi/vault-pki-monitor-venafi/plugin/pki" name="TestBackend_SignSelfIssued" time="2.730000"></testcase>
		<testcase classname="github.com/Venafi/vault-pki-monitor-venafi/plugin/pki" name="TestBackend_OID_SANs" time="6.230000"></testcase>
		<testcase classname="github.com/Venafi/vault-pki-monitor-venafi/plugin/pki" name="TestBackend_AllowedSerialNumbers" time="6.210000"></testcase>
		<testcase classname="github.com/Venafi/vault-pki-monitor-venafi/plugin/pki" name="TestBackend_URI_SANs" time="7.750000"></testcase>
		<testcase classname="github.com/Venafi/vault-pki-monitor-venafi/plugin/pki" name="TestBackend_CA_Steps/teststeps/rsa" time="25.880000"></testcase>
		<testcase classname="github.com/Venafi/vault-pki-monitor-venafi/plugin/pki" name="TestBackend_CA_Steps/teststeps/ec" time="26.040000"></testcase>
		<testcase classname="github.com/Venafi/vault-pki-monitor-venafi/plugin/pki" name="TestBackend_CA_Steps/teststeps" time="0.000000"></testcase>
		<testcase classname="github.com/Venafi/vault-pki-monitor-venafi/plugin/pki" name="TestBackend_CA_Steps" time="36.830000"></testcase>
		<testcase classname="github.com/Venafi/vault-pki-monitor-venafi/plugin/pki" name="TestPki_FetchCertBySerial" time="0.000000"></testcase>
		<testcase classname="github.com/Venafi/vault-pki-monitor-venafi/plugin/pki" name="TestBackend_CRL_EnableDisable" time="6.720000"></testcase>
		<testcase classname="github.com/Venafi/vault-pki-monitor-venafi/plugin/pki" name="TestBackend_PathImportToTPP" time="26.380000"></testcase>
		<testcase classname="github.com/Venafi/vault-pki-monitor-venafi/plugin/pki" name="TestBackend_PathImportToCloud" time="22.410000"></testcase>
		<testcase classname="github.com/Venafi/vault-pki-monitor-venafi/plugin/pki" name="TestBackend_PathImportToTPPTwice" time="82.820000"></testcase>
		<testcase classname="github.com/Venafi/vault-pki-monitor-venafi/plugin/pki" name="TestBackend_PathImportToTPPMultipleCerts" time="85.730000"></testcase>
		<testcase classname="github.com/Venafi/vault-pki-monitor-venafi/plugin/pki" name="Test_fillImportQueueTask" time="8.600000"></testcase>
		<testcase classname="github.com/Venafi/vault-pki-monitor-venafi/plugin/pki" name="Test_ImportCertificateMatchingVenafiPolicyTask" time="6.310000"></testcase>
		<testcase classname="github.com/Venafi/vault-pki-monitor-venafi/plugin/pki" name="Test_ImportCertificateNotMatchingVenafiPolicyTask" time="8.250000"></testcase>
		<testcase classname="github.com/Venafi/vault-pki-monitor-venafi/plugin/pki" name="TestPki_RoleGenerateLease" time="0.000000"></testcase>
		<testcase classname="github.com/Venafi/vault-pki-monitor-venafi/plugin/pki" name="TestPki_RoleKeyUsage" time="0.000000"></testcase>
		<testcase classname="github.com/Venafi/vault-pki-monitor-venafi/plugin/pki" name="TestPki_RoleOUOrganizationUpgrade" time="0.000000"></testcase>
		<testcase classname="github.com/Venafi/vault-pki-monitor-venafi/plugin/pki" name="TestPki_RoleAllowedDomains" time="0.000000"></testcase>
		<testcase classname="github.com/Venafi/vault-pki-monitor-venafi/plugin/pki" name="TestPki_RoleAllowedURISANs" time="0.000000"></testcase>
		<testcase classname="github.com/Venafi/vault-pki-monitor-venafi/plugin/pki" name="TestPki_RolePkixFields" time="0.000000"></testcase>
		<testcase classname="github.com/Venafi/vault-pki-monitor-venafi/plugin/pki" name="TestPki_RoleNoStore" time="2.430000"></testcase>
		<testcase classname="github.com/Venafi/vault-pki-monitor-venafi/plugin/pki" name="TestPki_CertsLease" time="2.420000"></testcase>
		<testcase classname="github.com/Venafi/vault-pki-monitor-venafi/plugin/pki" name="TestSyncRoleWithTPPPolicy" time="3.570000"></testcase>
		<testcase classname="github.com/Venafi/vault-pki-monitor-venafi/plugin/pki" name="TestIntegrationSyncRoleWithPolicy" time="28.030000"></testcase>
		<testcase classname="github.com/Venafi/vault-pki-monitor-venafi/plugin/pki" name="TestSyncRoleWithCloudPolicy" time="1.510000"></testcase>
		<testcase classname="github.com/Venafi/vault-pki-monitor-venafi/plugin/pki" name="TestSyncMultipleRolesWithTPPPolicy" time="8.660000"></testcase>
		<testcase classname="github.com/Venafi/vault-pki-monitor-venafi/plugin/pki" name="Test_backend_getPKIRoleEntry" time="0.000000"></testcase>
		<testcase classname="github.com/Venafi/vault-pki-monitor-venafi/plugin/pki" name="Test_backend_getVenafiPolicyParams" time="2.930000"></testcase>
		<testcase classname="github.com/Venafi/vault-pki-monitor-venafi/plugin/pki" name="TestAutoRefresh" time="0.000000"></testcase>
		<testcase classname="github.com/Venafi/vault-pki-monitor-venafi/plugin/pki" name="TestVenafiPolicyCloud" time="2.800000"></testcase>
		<testcase classname="github.com/Venafi/vault-pki-monitor-venafi/plugin/pki" name="TestVenafiPolicyTPP" time="5.980000"></testcase>
		<testcase classname="github.com/Venafi/vault-pki-monitor-venafi/plugin/pki" name="TestVenafiPolicyToken" time="2.680000"></testcase>
		<testcase classname="github.com/Venafi/vault-pki-monitor-venafi/plugin/pki" name="TestVenafiPolicyCloudSignBeforeConfigure" time="0.000000"></testcase>
		<testcase classname="github.com/Venafi/vault-pki-monitor-venafi/plugin/pki" name="TestVenafiPolicyTPPSignBeforeConfigure" time="0.000000"></testcase>
		<testcase classname="github.com/Venafi/vault-pki-monitor-venafi/plugin/pki" name="TestVenafiPolicyTokenSignBeforeConfigure" time="0.000000"></testcase>
		<testcase classname="github.com/Venafi/vault-pki-monitor-venafi/plugin/pki" name="TestVenafiPolicyCloudWriteAndReadPolicy" time="0.470000"></testcase>
		<testcase classname="github.com/Venafi/vault-pki-monitor-venafi/plugin/pki" name="TestVenafiPolicyTPPWriteAndReadPolicy" time="1.390000"></testcase>
		<testcase classname="github.com/Venafi/vault-pki-monitor-venafi/plugin/pki" name="TestVenafiPolicyTokenWriteAndReadPolicy" time="0.570000"></testcase>
		<testcase classname="github.com/Venafi/vault-pki-monitor-venafi/plugin/pki" name="Test_pathShowVenafiPolicyMap" time="1.450000"></testcase>
		<testcase classname="github.com/Venafi/vault-pki-monitor-venafi/plugin/pki" name="TestVenafiPolicyAutoRefresh" time="8.580000"></testcase>
		<testcase classname="github.com/Venafi/vault-pki-monitor-venafi/plugin/pki" name="TestVenafiSecretValidate" time="0.000000"></testcase>
		<testcase classname="github.com/Venafi/vault-pki-monitor-venafi/plugin/pki" name="Test_scheduler_register" time="0.000000"></testcase>
		<testcase classname="github.com/Venafi/vault-pki-monitor-venafi/plugin/pki" name="Test_scheduler_del" time="0.000000"></testcase>
		<testcase classname="github.com/Venafi/vault-pki-monitor-venafi/plugin/pki" name="Test_scheduler_concurency" time="120.000000"></testcase>
		<testcase classname="github.com/Venafi/vault-pki-monitor-venafi/plugin/pki" name="Test_scheduler_running" time="28.010000"></testcase>
		<testcase classname="github.com/Venafi/vault-pki-monitor-venafi/plugin/pki" name="Test_checkStringArrByRegexp" time="0.000000"></testcase>
		<testcase classname="github.com/Venafi/vault-pki-monitor-venafi/plugin/pki" name="TestAllVenafiIntegrations" time="132.760000"></testcase>
	</testsuite>
</testsuites>